[2026-08-04 04:57:45] Graduation Project Auto-Sync Service Started.
[2026-08-04 04:57:46] Pending local changes detected. Saving locally...
[2026-08-04 04:57:47] Local commit saved successfully.
[2026-08-04 04:57:47] Internet connection available. Pushing to GitHub...
[2026-08-04 04:57:50] Push deferred (will retry when connection stabilizes): To https://github.com/shihabsalah33/Graduation-Project.git
 ! [rejected]        main -> main (non-fast-forward)
error: failed to push some refs to 'https://github.com/shihabsalah33/Graduation-Project.git'
hint: Updates were rejected because the tip of your current branch is behind
hint: its remote counterpart. If you want to integrate the remote changes,
hint: use 'git pull' before pushing again.
hint: See the 'Note about fast-forwards' in 'git push --help' for details.
[2026-08-04 17:58:05] Graduation Project Auto-Sync Service Started.
[2026-08-04 17:58:07] Pending local changes detected. Saving locally...
[2026-08-04 17:58:07] Local commit saved successfully.
[2026-08-04 17:58:07] Internet connection available. Syncing with GitHub...
[2026-08-04 17:58:11] Synced and Pushed to GitHub successfully!
[2026-08-04 17:58:33] Pending local changes detected. Saving locally...
[2026-08-04 17:58:34] Local commit saved successfully.
[2026-08-04 17:58:34] Internet connection available. Syncing with GitHub...
[2026-08-04 17:58:38] Synced and Pushed to GitHub successfully!
[2026-08-04 17:59:00] Pending local changes detected. Saving locally...
[2026-08-04 17:59:01] Local commit saved successfully.
[2026-08-04 17:59:01] Internet connection available. Syncing with GitHub...
[2026-08-04 17:59:06] Synced and Pushed to GitHub successfully!
[2026-08-04 17:59:28] Pending local changes detected. Saving locally...
[2026-08-04 17:59:28] Local commit saved successfully.
[2026-08-04 17:59:29] Internet connection available. Syncing with GitHub...
[2026-08-04 17:59:34] Synced and Pushed to GitHub successfully!
[2026-08-04 17:59:57] Pending local changes detected. Saving locally...
[2026-08-04 17:59:57] Local commit saved successfully.
[2026-08-04 17:59:58] Internet connection available. Syncing with GitHub...
[2026-08-04 18:00:02] Synced and Pushed to GitHub successfully!
[2026-08-04 18:00:24] Pending local changes detected. Saving locally...
[2026-08-04 18:00:25] Local commit saved successfully.
[2026-08-04 18:00:25] Internet connection available. Syncing with GitHub...
[2026-08-04 18:00:30] Synced and Pushed to GitHub successfully!
[2026-08-04 18:00:52] Pending local changes detected. Saving locally...
